// Jest Snapshot v1, https://goo.gl/fbAQLP

exports[`<PaginationButton/> should render correctly 1`] = `"<button type=\\"button\\" class=\\"arrow-button btn btn-outline-info\\">&gt;</button>"`;
