// Jest Snapshot v1, https://goo.gl/fbAQLP

exports[`<PageCount/> component rendering should render correctly 1`] = `
<Fragment>
  <div
    className="counter"
  >
    <p>
      <i>
        Page 
        3
         out of 
        5
      </i>
    </p>
  </div>
</Fragment>
`;
